Microchip MPLAB XC8 Compiler V2.35

Linker command line:

-W-3 --edf=C:\Program Files\Microchip\xc8\v2.35\pic\dat\en_msgs.txt -cn \
  -h+dist/default/production\TEST.X.production.sym \
  --cmf=dist/default/production\TEST.X.production.cmf -z -Q16F877A \
  -oC:\Users\Ahmed\AppData\Local\Temp\xcAsdgc.4 --defsym=__MPLAB_BUILD=1 \
  -Mdist/default/production/TEST.X.production.map \
  --md=C:\Users\Ahmed\AppData\Local\Temp\xcAsdgc.dat -E1 -ver=XC8 Compiler \
  --acfsm=1493 -ACODE=00h-07FFhx4 -ASTRCODE=00h-01FFFh -ASTRING=00h-0FFhx32 \
  -ACONST=00h-0FFhx32 -AENTRY=00h-0FFhx32 -ACOMMON=070h-07Fh \
  -ABANK0=020h-06Fh -ABANK1=0A0h-0EFh -ABANK2=0110h-016Fh \
  -ABANK3=0190h-01EFh -ARAM=020h-06Fh,0A0h-0EFh,0110h-016Fh,0190h-01EFh \
  -AABS1=020h-07Fh,0A0h-0EFh,0110h-016Fh,0190h-01EFh -ASFR0=00h-01Fh \
  -ASFR1=080h-09Fh -ASFR2=0100h-010Fh -ASFR3=0180h-018Fh \
  -ACONFIG=02007h-02007h -DCONFIG=2 -AIDLOC=02000h-02003h -DIDLOC=2 \
  -AEEDATA=00h-0FFh/02100h -peeprom_data=EEDATA -DEEDATA=2 -DCODE=2 \
  -DSTRCODE=2 -DSTRING=2 -DCONST=2 -DENTRY=2 \
  -preset_vec=00h,intentry,init,end_init -ppowerup=CODE -pcinit=CODE \
  -pfunctab=ENTRY -k C:\Users\Ahmed\AppData\Local\Temp\xcAsdgc.o \
  dist/default/production\TEST.X.production.o 

Object code version is 3.11

Machine type is 16F877A



                Name                               Link     Load   Length Selector   Space Scale
C:\Users\Ahmed\AppData\Local\Temp\xcAsdgc.o
                end_init                              0        0        3        0       0
                config                             2007     2007        1        0       4
dist/default/production\TEST.X.production.o
                cinit                               7EE      7EE       12      FDC       0
                config                             2007     2007        1        0       4
                text26                              86B      86B       22     10D6       0
                text25                              85F      85F        C     10BE       0
                text24                             17E4     17E4       1C     2FC8       0
                text23                              950      950       2F     12A0       0
                text22                             17A2     17A2        7     2F44       0
                text21                             17CE     17CE       16     2F9C       0
                text20                              A29      A29       3E     1452       0
                text19                              927      927       29     124E       0
                text18                              88D      88D       26     111A       0
                text17                              9B6      9B6       39     136C       0
                text16                              8D9      8D9       27     11B2       0
                text15                             179E     179E        4     2F3C       0
                text14                              A67      A67       44     14CE       0
                text13                              9EF      9EF       3A     13DE       0
                text12                                3        3       56        0       0
                text11                              AAB      AAB       66     1556       0
                text10                              97F      97F       37     12FE       0
                text9                              17B0     17B0        B     2F60       0
                text8                               8B3      8B3       26     1166       0
                text7                               D68      D68      298     1AD0       0
                text6                               B8B      B8B      1DD     1716       0
                text5                                59       59       A4       B2       0
                text4                               900      900       27     1200       0
                text3                               48D      48D      361      91A       0
                text2                               B11      B11       7A     1622       0
                text1                                FD       FD       BC      1FA       0
                maintext                            1B9      1B9      2D4      372       0
                cstackBANK0                          20       20       3E       20       1
                cstackCOMMON                         70       70        E       70       1
                cstackBANK1                          A0       A0       15       A0       1
                inittext                           17BB     17BB       13     2F76       0
                dataBANK0                            5E       5E        7       20       1
                strings                             800      800       5D     1000       0
                idataBANK0                         17A9     17A9        7     2F52       0

TOTAL           Name                               Link     Load   Length     Space
        CLASS   CODE           
                end_init                              0        0        3         0
                cinit                               7EE      7EE       12         0
                text26                              86B      86B       22         0
                text25                              85F      85F        C         0
                text24                             17E4     17E4       1C         0
                text23                              950      950       2F         0
                text22                             17A2     17A2        7         0
                text21                             17CE     17CE       16         0
                text20                              A29      A29       3E         0
                text19                              927      927       29         0
                text18                              88D      88D       26         0
                text17                              9B6      9B6       39         0
                text16                              8D9      8D9       27         0
                text15                             179E     179E        4         0
                text14                              A67      A67       44         0
                text13                              9EF      9EF       3A         0
                text12                                3        3       56         0
                text11                              AAB      AAB       66         0
                text10                              97F      97F       37         0
                text9                              17B0     17B0        B         0
                text8                               8B3      8B3       26         0
                text7                               D68      D68      298         0
                text6                               B8B      B8B      1DD         0
                text5                                59       59       A4         0
                text4                               900      900       27         0
                text3                               48D      48D      361         0
                text2                               B11      B11       7A         0
                text1                                FD       FD       BC         0
                maintext                            1B9      1B9      2D4         0
                inittext                           17BB     17BB       13         0
                idataBANK0                         17A9     17A9        7         0

        CLASS   STRCODE        

        CLASS   STRING         
                strings                             800      800       5D         0

        CLASS   CONST          

        CLASS   ENTRY          

        CLASS   COMMON         
                cstackCOMMON                         70       70        E         1

        CLASS   BANK0          
                cstackBANK0                          20       20       3E         1
                dataBANK0                            5E       5E        7         1

        CLASS   BANK1          
                cstackBANK1                          A0       A0       15         1

        CLASS   BANK2          

        CLASS   BANK3          

        CLASS   RAM            

        CLASS   ABS1           
                abs_s1                               7E       7E        2         1

        CLASS   SFR0           

        CLASS   SFR1           

        CLASS   SFR2           

        CLASS   SFR3           

        CLASS   CONFIG         
                config                             2007     2007        1         4

        CLASS   IDLOC          

        CLASS   EEDATA         

        CLASS   STACK          



SEGMENTS        Name                           Load    Length   Top    Selector   Space  Class     Delta

                reset_vec                      000000  000059  000059         0       0  CODE        2
                cstackBANK0                    000020  000045  000065        20       1  BANK0       1
                cstackCOMMON                   000070  00000E  00007E        70       1  COMMON      1
                cstackBANK1                    0000A0  000015  0000B5        A0       1  BANK1       1
                text5                          000059  0000A4  0000FD        B2       0  CODE        2
                text1                          0000FD  0000BC  0001B9       1FA       0  CODE        2
                maintext                       0001B9  0002D4  00048D       372       0  CODE        2
                text3                          00048D  000361  0007EE       91A       0  CODE        2
                cinit                          0007EE  000012  000800       FDC       0  CODE        2
                strings                        000800  00005D  00085D      1000       0  STRING      2
                text25                         00085F  00000C  00086B      10BE       0  CODE        2
                text26                         00086B  000022  00088D      10D6       0  CODE        2
                text18                         00088D  000026  0008B3      111A       0  CODE        2
                text8                          0008B3  000026  0008D9      1166       0  CODE        2
                text16                         0008D9  000027  000900      11B2       0  CODE        2
                text4                          000900  000027  000927      1200       0  CODE        2
                text19                         000927  000029  000950      124E       0  CODE        2
                text23                         000950  00002F  00097F      12A0       0  CODE        2
                text10                         00097F  000037  0009B6      12FE       0  CODE        2
                text17                         0009B6  000039  0009EF      136C       0  CODE        2
                text13                         0009EF  00003A  000A29      13DE       0  CODE        2
                text20                         000A29  00003E  000A67      1452       0  CODE        2
                text14                         000A67  000044  000AAB      14CE       0  CODE        2
                text11                         000AAB  000066  000B11      1556       0  CODE        2
                text2                          000B11  00007A  000B8B      1622       0  CODE        2
                text6                          000B8B  0001DD  000D68      1716       0  CODE        2
                text7                          000D68  000298  001000      1AD0       0  CODE        2
                text15                         00179E  000004  0017A2      2F3C       0  CODE        2
                text22                         0017A2  000007  0017A9      2F44       0  CODE        2
                idataBANK0                     0017A9  000007  0017B0      2F52       0  CODE        2
                text9                          0017B0  00000B  0017BB      2F60       0  CODE        2
                inittext                       0017BB  000013  0017CE      2F76       0  CODE        2
                text21                         0017CE  000016  0017E4      2F9C       0  CODE        2
                text24                         0017E4  00001C  001800      2FC8       0  CODE        2


UNUSED ADDRESS RANGES

        Name                Unused          Largest block    Delta
        BANK0            0065-006F              B           1
        BANK1            00B5-00EF             3B           1
        BANK2            0110-016F             60           1
        BANK3            0190-01EF             60           1
        CODE             085D-085E              2           2
                         1000-179D            79E
                         1800-1FFF            800
        CONST            085D-085E              2           2
                         1000-179D            100
                         1800-1FFF            100
        EEDATA           2100-21FF            100           2
        ENTRY            085D-085E              2           2
                         1000-179D            100
                         1800-1FFF            100
        IDLOC            2000-2003              4           2
        RAM              0065-006F              B           1
                         00B5-00EF             3B
                         0110-016F             60
                         0190-01EF             60
        SFR0             0000-001F             20           1
        SFR1             0080-009F             20           1
        SFR2             0100-010F             10           1
        SFR3             0180-018F             10           1
        STRCODE          085D-085E              2           2
                         1000-179D            79E
                         1800-1FFF            800
        STRING           085D-085E              2           2
                         1000-179D            100
                         1800-1FFF            100

                                  Symbol Table

?_ADC_GetAdcValue                 cstackCOMMON 0070
?__Umul8_16                       cstackCOMMON 0070
?___fladd                         cstackCOMMON 0070
?___fldiv                         cstackBANK0  0040
?___flmul                         cstackBANK0  0026
?___fltol                         cstackCOMMON 0070
?___lldiv                         cstackCOMMON 0070
?___lwdiv                         cstackCOMMON 0070
?___lwmod                         cstackCOMMON 0070
?___xxtofl                        cstackCOMMON 0074
ADC_GetAdcValue@var_adcChannel_u8 cstackCOMMON 0073
LCD_GoToXY@X                      cstackCOMMON 0075
LCD_GoToXY@Y                      cstackCOMMON 0074
LCD_Init@Commands                 cstackBANK0  0020
LCD_Init@F1012                    dataBANK0    005E
LCD_Init@i                        cstackBANK0  0027
LCD_Print@Str                     cstackCOMMON 0074
Lcd_CmdWrite@cmd                  cstackCOMMON 0073
Lcd_DataWrite@dat                 cstackCOMMON 0073
PWM_Init@channel                  cstackCOMMON 0072
PWM_SetDutyCycle@channel          cstackCOMMON 0073
PWM_SetDutyCycle@dutyCycle        cstackCOMMON 0070
PrintFloat@N                      cstackCOMMON 007B
PrintFloat@Str                    cstackBANK0  0022
PrintFloat@i                      cstackBANK0  0023
UART_Init@baudRate                cstackBANK0  0020
UART_SendTxt@Str                  cstackCOMMON 0071
UART_TxChar@ch                    cstackCOMMON 0070
_ADCON0                           (abs)        001F
_ADCON1                           (abs)        009F
_ADC_GetAdcValue                  text26       086B
_ADC_Init                         text25       085F
_ADON                             (abs)        00F8
_ADRESH                           (abs)        001E
_ADRESL                           (abs)        009E
_CCP1CON                          (abs)        0017
_CCP2CON                          (abs)        001D
_CCPR1L                           (abs)        0015
_CCPR2L                           (abs)        001B
_GO                               (abs)        00FA
_GO_DONE                          (abs)        00FA
_LCD_Clear                        text22       17A2
_LCD_Enable                       text24       17E4
_LCD_GoToXY                       text21       17CE
_LCD_Init                         text20       0A29
_LCD_Print                        text18       088D
_Lcd_CmdWrite                     text23       0950
_Lcd_DataWrite                    text19       0927
_PORTC                            (abs)        0007
_PORTD                            (abs)        0008
_PR2                              (abs)        0092
_PWM_Init                         text17       09B6
_PWM_SetDutyCycle                 text16       08D9
_PWM_Start                        text15       179E
_PrintFloat                       text12       0003
_RCIF                             (abs)        0065
_RCREG                            (abs)        001A
_RCSTA                            (abs)        0018
_SPBRG                            (abs)        0099
_TMR2ON                           (abs)        0092
_TRISA                            (abs)        0085
_TRISC                            (abs)        0087
_TRISD                            (abs)        0088
_TXIF                             (abs)        0064
_TXREG                            (abs)        0019
_TXSTA                            (abs)        0098
_UART_Init                        text10       097F
_UART_SendTxt                     text8        08B3
_UART_TxChar                      text9        17B0
__Habs1                           abs1         0000
__Hbank0                          bank0        0000
__Hbank1                          bank1        0000
__Hbank2                          bank2        0000
__Hbank3                          bank3        0000
__Hcinit                          cinit        0800
__Hclrtext                        clrtext      0000
__Hcode                           code         0000
__Hcommon                         common       0000
__Hconfig                         config       2008
__HcstackBANK0                    cstackBANK0  0000
__HcstackBANK1                    cstackBANK1  0000
__HcstackCOMMON                   cstackCOMMON 0000
__HdataBANK0                      dataBANK0    0000
__Heeprom_data                    eeprom_data  0000
__Hend_init                       end_init     0003
__Hfunctab                        functab      0000
__HidataBANK0                     idataBANK0   0000
__Hinit                           init         0000
__Hinittext                       inittext     0000
__Hintentry                       intentry     0000
__Hmaintext                       maintext     0000
__Hpowerup                        powerup      0000
__Hram                            ram          0000
__Hreset_vec                      reset_vec    0000
__Hsfr0                           sfr0         0000
__Hsfr1                           sfr1         0000
__Hsfr2                           sfr2         0000
__Hsfr3                           sfr3         0000
__Hspace_0                        (abs)        1800
__Hspace_1                        (abs)        00B5
__Hspace_2                        (abs)        0000
__Hspace_3                        (abs)        0000
__Hspace_4                        (abs)        400F
__Hstack                          stack        0000
__Hstrings                        strings      0000
__Htext                           text         0000
__Labs1                           abs1         0000
__Lbank0                          bank0        0000
__Lbank1                          bank1        0000
__Lbank2                          bank2        0000
__Lbank3                          bank3        0000
__Lcinit                          cinit        07EE
__Lclrtext                        clrtext      0000
__Lcode                           code         0000
__Lcommon                         common       0000
__Lconfig                         config       0000
__LcstackBANK0                    cstackBANK0  0000
__LcstackBANK1                    cstackBANK1  0000
__LcstackCOMMON                   cstackCOMMON 0000
__LdataBANK0                      dataBANK0    0000
__Leeprom_data                    eeprom_data  0000
__Lend_init                       end_init     0000
__Lfunctab                        functab      0000
__LidataBANK0                     idataBANK0   0000
__Linit                           init         0000
__Linittext                       inittext     0000
__Lintentry                       intentry     0000
__Lmaintext                       maintext     0000
__Lpowerup                        powerup      0000
__Lram                            ram          0000
__Lreset_vec                      reset_vec    0000
__Lsfr0                           sfr0         0000
__Lsfr1                           sfr1         0000
__Lsfr2                           sfr2         0000
__Lsfr3                           sfr3         0000
__Lspace_0                        (abs)        0000
__Lspace_1                        (abs)        0000
__Lspace_2                        (abs)        0000
__Lspace_3                        (abs)        0000
__Lspace_4                        (abs)        0000
__Lstack                          stack        0000
__Lstrings                        strings      0000
__Ltext                           text         0000
__S0                              (abs)        1800
__S1                              (abs)        00B5
__S3                              (abs)        0000
__Umul8_16                        text4        0900
__Umul8_16@multiplicand           cstackCOMMON 0070
__Umul8_16@multiplier             cstackCOMMON 0078
__Umul8_16@product                cstackCOMMON 0074
__Umul8_16@word_mpld              cstackCOMMON 0076
___fladd                          text7        0D68
___fladd@a                        cstackCOMMON 0074
___fladd@aexp                     cstackCOMMON 0079
___fladd@b                        cstackCOMMON 0070
___fladd@bexp                     cstackCOMMON 007A
___fladd@grs                      cstackCOMMON 007B
___fladd@signs                    cstackCOMMON 0078
___fldiv                          text6        0B8B
___fldiv@a                        cstackBANK0  0040
___fldiv@aexp                     cstackBANK0  0059
___fldiv@b                        cstackBANK0  0044
___fldiv@bexp                     cstackBANK0  0058
___fldiv@grs                      cstackBANK0  0054
___fldiv@new_exp                  cstackBANK0  0052
___fldiv@rem                      cstackBANK0  004D
___fldiv@sign                     cstackBANK0  0051
___flge                           text5        0059
___flge@ff1                       cstackBANK0  0028
___flge@ff2                       cstackBANK0  002C
___flmul                          text3        048D
___flmul@a                        cstackBANK0  002A
___flmul@aexp                     cstackBANK0  0038
___flmul@b                        cstackBANK0  0026
___flmul@bexp                     cstackBANK0  0039
___flmul@grs                      cstackBANK0  0034
___flmul@prod                     cstackBANK0  003A
___flmul@sign                     cstackBANK0  0033
___flmul@temp                     cstackBANK0  003E
___fltol                          text2        0B11
___fltol@exp1                     cstackCOMMON 007A
___fltol@f1                       cstackCOMMON 0070
___fltol@sign1                    cstackCOMMON 0079
___int_sp                         stack        0000
___latbits                        (abs)        0002
___lldiv                          text11       0AAB
___lldiv@counter                  cstackCOMMON 007D
___lldiv@dividend                 cstackCOMMON 0074
___lldiv@divisor                  cstackCOMMON 0070
___lldiv@quotient                 cstackCOMMON 0079
___lwdiv                          text14       0A67
___lwdiv@counter                  cstackCOMMON 0077
___lwdiv@dividend                 cstackCOMMON 0072
___lwdiv@divisor                  cstackCOMMON 0070
___lwdiv@quotient                 cstackCOMMON 0075
___lwmod                          text13       09EF
___lwmod@counter                  cstackCOMMON 0075
___lwmod@dividend                 cstackCOMMON 0072
___lwmod@divisor                  cstackCOMMON 0070
___sp                             stack        0000
___stackhi                        (abs)        0000
___stacklo                        (abs)        0000
___xxtofl                         text1        00FD
___xxtofl@arg                     cstackBANK0  0022
___xxtofl@exp                     cstackBANK0  0021
___xxtofl@sign                    cstackBANK0  0020
___xxtofl@val                     cstackCOMMON 0074
__end_of_ADC_GetAdcValue          text26       088D
__end_of_ADC_Init                 text25       086B
__end_of_LCD_Clear                text22       17A9
__end_of_LCD_Enable               text24       1800
__end_of_LCD_GoToXY               text21       17E4
__end_of_LCD_Init                 text20       0A67
__end_of_LCD_Print                text18       08B3
__end_of_Lcd_CmdWrite             text23       097F
__end_of_Lcd_DataWrite            text19       0950
__end_of_PWM_Init                 text17       09EF
__end_of_PWM_SetDutyCycle         text16       0900
__end_of_PWM_Start                text15       17A2
__end_of_PrintFloat               text12       0059
__end_of_UART_Init                text10       09B6
__end_of_UART_SendTxt             text8        08D9
__end_of_UART_TxChar              text9        17BB
__end_of__Umul8_16                text4        0927
__end_of___fladd                  text7        1000
__end_of___fldiv                  text6        0D68
__end_of___flge                   text5        00FD
__end_of___flmul                  text3        07EE
__end_of___fltol                  text2        0B8B
__end_of___lldiv                  text11       0B11
__end_of___lwdiv                  text14       0AAB
__end_of___lwmod                  text13       0A29
__end_of___xxtofl                 text1        01B9
__end_of__initialization          cinit        07FC
__end_of__stringtab               strings      0810
__end_of_main                     maintext     048D
__initialization                  cinit        07EE
__pcstackBANK0                    cstackBANK0  0020
__pcstackBANK1                    cstackBANK1  00A0
__pcstackCOMMON                   cstackCOMMON 0070
__pdataBANK0                      dataBANK0    005E
__pidataBANK0                     idataBANK0   17A9
__pmaintext                       maintext     01B9
__pstrings                        strings      0800
__ptext1                          text1        00FD
__ptext10                         text10       097F
__ptext11                         text11       0AAB
__ptext12                         text12       0003
__ptext13                         text13       09EF
__ptext14                         text14       0A67
__ptext15                         text15       179E
__ptext16                         text16       08D9
__ptext17                         text17       09B6
__ptext18                         text18       088D
__ptext19                         text19       0927
__ptext2                          text2        0B11
__ptext20                         text20       0A29
__ptext21                         text21       17CE
__ptext22                         text22       17A2
__ptext23                         text23       0950
__ptext24                         text24       17E4
__ptext25                         text25       085F
__ptext26                         text26       086B
__ptext3                          text3        048D
__ptext4                          text4        0900
__ptext5                          text5        0059
__ptext6                          text6        0B8B
__ptext7                          text7        0D68
__ptext8                          text8        08B3
__ptext9                          text9        17B0
__stringbase                      strings      080F
__stringtab                       strings      0800
_main                             maintext     01B9
btemp                             (abs)        007E
end_of_initialization             cinit        07FC
init_fetch0                       inittext     17BB
init_ram0                         inittext     17BF
intlevel0                         functab      0000
intlevel1                         functab      0000
intlevel2                         functab      0000
intlevel3                         functab      0000
intlevel4                         functab      0000
intlevel5                         functab      0000
main@Count                        cstackBANK1  00AA
main@DutyCycle                    cstackBANK1  00B4
main@FeedBack                     cstackBANK1  00B0
main@SetPoint                     cstackBANK1  00AC
main@Str                          cstackBANK1  00A0
reset_vec                         reset_vec    0000
start                             init         0000
start_initialization              cinit        07EE
wtemp0                            (abs)        007E


MODULE INFORMATION

Module		Function		Class		Link	Load	Size
C:\Program Files\Microchip\xc8\v2.35\pic\sources\c90\common\xxtofl.c
		___xxtofl      		CODE           	00FD	0000	188

C:\Program Files\Microchip\xc8\v2.35\pic\sources\c90\common\xxtofl.c estimated size: 188

C:\Program Files\Microchip\xc8\v2.35\pic\sources\c90\common\lwdiv.c
		___lwdiv       		CODE           	0A67	0000	68

C:\Program Files\Microchip\xc8\v2.35\pic\sources\c90\common\lwdiv.c estimated size: 68

C:\Program Files\Microchip\xc8\v2.35\pic\sources\c90\common\fltol.c
		___fltol       		CODE           	0B11	0000	122

C:\Program Files\Microchip\xc8\v2.35\pic\sources\c90\common\fltol.c estimated size: 122

C:\Program Files\Microchip\xc8\v2.35\pic\sources\c90\common\sprcmul.c
		___flmul       		CODE           	048D	0000	865

C:\Program Files\Microchip\xc8\v2.35\pic\sources\c90\common\sprcmul.c estimated size: 865

C:\Program Files\Microchip\xc8\v2.35\pic\sources\c90\common\__lldiv.c
		___lldiv       		CODE           	0AAB	0000	102

C:\Program Files\Microchip\xc8\v2.35\pic\sources\c90\common\__lldiv.c estimated size: 102

C:\Program Files\Microchip\xc8\v2.35\pic\sources\c90\common\sprcdiv.c
		___fldiv       		CODE           	0B8B	0000	477

C:\Program Files\Microchip\xc8\v2.35\pic\sources\c90\common\sprcdiv.c estimated size: 477

PWM.c
		_PWM_Start     		CODE           	179E	0000	4
		_PWM_SetDutyCycle		CODE           	08D9	0000	39
		_PWM_Init      		CODE           	09B6	0000	57

PWM.c estimated size: 100

shared
		__stringtab    		STRING         	0800	0000	16
		__initialization		CODE           	07EE	0000	14

shared estimated size: 30

ADC.c
		_ADC_GetAdcValue		CODE           	086B	0000	34
		_ADC_Init      		CODE           	085F	0000	12

ADC.c estimated size: 46

C:\Program Files\Microchip\xc8\v2.35\pic\sources\c90\common\Umul8_16.c
		__Umul8_16     		CODE           	0900	0000	39

C:\Program Files\Microchip\xc8\v2.35\pic\sources\c90\common\Umul8_16.c estimated size: 39

C:\Program Files\Microchip\xc8\v2.35\pic\sources\c90\common\flge.c
		___flge        		CODE           	0059	0000	164

C:\Program Files\Microchip\xc8\v2.35\pic\sources\c90\common\flge.c estimated size: 164

C:\Program Files\Microchip\xc8\v2.35\pic\sources\c90\common\lwmod.c
		___lwmod       		CODE           	09EF	0000	58

C:\Program Files\Microchip\xc8\v2.35\pic\sources\c90\common\lwmod.c estimated size: 58

Uart.c
		_UART_Init     		CODE           	097F	0000	55
		_UART_SendTxt  		CODE           	08B3	0000	38
		_UART_TxChar   		CODE           	17B0	0000	11

Uart.c estimated size: 104

main.c
		_main          		CODE           	01B9	0000	724
		_PrintFloat    		CODE           	0003	0000	86

main.c estimated size: 810

C:\Program Files\Microchip\xc8\v2.35\pic\sources\c90\common\sprcadd.c
		___fladd       		CODE           	0D68	0000	664

C:\Program Files\Microchip\xc8\v2.35\pic\sources\c90\common\sprcadd.c estimated size: 664

LCD.c
		_LCD_Init      		CODE           	0A29	0000	62
		_Lcd_CmdWrite  		CODE           	0950	0000	47
		_Lcd_DataWrite 		CODE           	0927	0000	41
		_LCD_Clear     		CODE           	17A2	0000	7
		_LCD_GoToXY    		CODE           	17CE	0000	22
		_LCD_Print     		CODE           	088D	0000	38
		_LCD_Enable    		CODE           	17E4	0000	28

LCD.c estimated size: 245

